http://webprod.pa.ucsf.edu/research
   creating an infinite redirect loop.
   
